// Jest Snapshot v1, https://goo.gl/fbAQLP

exports[`Link change la classe lorsqu'on le survole 1`] = `
<h1>
  Hello, 
  http://www.facebook.com
  !
</h1>
`;
